Archive member included to satisfy reference by file (symbol)

/Users/Manu/gcc-arm-none-eabi-5_4-2016q3/bin/../lib/gcc/arm-none-eabi/5.4.1/../../../../arm-none-eabi/lib/armv7e-m/fpu/libc.a(lib_a-exit.o)
                              /Users/Manu/gcc-arm-none-eabi-5_4-2016q3/bin/../lib/gcc/arm-none-eabi/5.4.1/../../../../arm-none-eabi/lib/armv7e-m/fpu/crt0.o (exit)
/Users/Manu/gcc-arm-none-eabi-5_4-2016q3/bin/../lib/gcc/arm-none-eabi/5.4.1/../../../../arm-none-eabi/lib/armv7e-m/fpu/libc.a(lib_a-impure.o)
                              /Users/Manu/gcc-arm-none-eabi-5_4-2016q3/bin/../lib/gcc/arm-none-eabi/5.4.1/../../../../arm-none-eabi/lib/armv7e-m/fpu/libc.a(lib_a-exit.o) (_global_impure_ptr)
/Users/Manu/gcc-arm-none-eabi-5_4-2016q3/bin/../lib/gcc/arm-none-eabi/5.4.1/../../../../arm-none-eabi/lib/armv7e-m/fpu/libc.a(lib_a-init.o)
                              /Users/Manu/gcc-arm-none-eabi-5_4-2016q3/bin/../lib/gcc/arm-none-eabi/5.4.1/../../../../arm-none-eabi/lib/armv7e-m/fpu/crt0.o (__libc_init_array)
/Users/Manu/gcc-arm-none-eabi-5_4-2016q3/bin/../lib/gcc/arm-none-eabi/5.4.1/../../../../arm-none-eabi/lib/armv7e-m/fpu/libc.a(lib_a-memset.o)
                              /Users/Manu/gcc-arm-none-eabi-5_4-2016q3/bin/../lib/gcc/arm-none-eabi/5.4.1/../../../../arm-none-eabi/lib/armv7e-m/fpu/crt0.o (memset)
/Users/Manu/gcc-arm-none-eabi-5_4-2016q3/bin/../lib/gcc/arm-none-eabi/5.4.1/../../../../arm-none-eabi/lib/armv7e-m/fpu/libc.a(lib_a-__call_atexit.o)
                              /Users/Manu/gcc-arm-none-eabi-5_4-2016q3/bin/../lib/gcc/arm-none-eabi/5.4.1/../../../../arm-none-eabi/lib/armv7e-m/fpu/libc.a(lib_a-exit.o) (__call_exitprocs)
/Users/Manu/gcc-arm-none-eabi-5_4-2016q3/bin/../lib/gcc/arm-none-eabi/5.4.1/../../../../arm-none-eabi/lib/armv7e-m/fpu/libc.a(lib_a-atexit.o)
                              /Users/Manu/gcc-arm-none-eabi-5_4-2016q3/bin/../lib/gcc/arm-none-eabi/5.4.1/../../../../arm-none-eabi/lib/armv7e-m/fpu/libc.a(lib_a-__call_atexit.o) (atexit)
/Users/Manu/gcc-arm-none-eabi-5_4-2016q3/bin/../lib/gcc/arm-none-eabi/5.4.1/../../../../arm-none-eabi/lib/armv7e-m/fpu/libc.a(lib_a-fini.o)
                              /Users/Manu/gcc-arm-none-eabi-5_4-2016q3/bin/../lib/gcc/arm-none-eabi/5.4.1/../../../../arm-none-eabi/lib/armv7e-m/fpu/libc.a(lib_a-__call_atexit.o) (__libc_fini_array)
/Users/Manu/gcc-arm-none-eabi-5_4-2016q3/bin/../lib/gcc/arm-none-eabi/5.4.1/../../../../arm-none-eabi/lib/armv7e-m/fpu/libc.a(lib_a-__atexit.o)
                              /Users/Manu/gcc-arm-none-eabi-5_4-2016q3/bin/../lib/gcc/arm-none-eabi/5.4.1/../../../../arm-none-eabi/lib/armv7e-m/fpu/libc.a(lib_a-atexit.o) (__register_exitproc)
/Users/Manu/gcc-arm-none-eabi-5_4-2016q3/bin/../lib/gcc/arm-none-eabi/5.4.1/../../../../arm-none-eabi/lib/armv7e-m/fpu/libnosys.a(_exit.o)
                              /Users/Manu/gcc-arm-none-eabi-5_4-2016q3/bin/../lib/gcc/arm-none-eabi/5.4.1/../../../../arm-none-eabi/lib/armv7e-m/fpu/libc.a(lib_a-exit.o) (_exit)

Allocating common symbols
Common symbol       size              file

tim_init            0x40              user_source/hal_interface/pwm_hal.o
uwTick              0x4               ../../arctic_awesomeness/arch/stm32/f3/src/stm32f3xx_hal.o
pFlash              0x20              ../../arctic_awesomeness/arch/stm32/f3/src/stm32f3xx_hal_flash.o
tim1_conf           0x1c              user_source/hal_interface/pwm_hal.o
TimHandle           0x40              ../../arctic_awesomeness/arch/stm32/f3/src/stm32f3xx_hal_timebase_tim.o

Discarded input sections

 .text          0x0000000000000000        0x0 /Users/Manu/gcc-arm-none-eabi-5_4-2016q3/bin/../lib/gcc/arm-none-eabi/5.4.1/armv7e-m/fpu/crti.o
 .data          0x0000000000000000        0x0 /Users/Manu/gcc-arm-none-eabi-5_4-2016q3/bin/../lib/gcc/arm-none-eabi/5.4.1/armv7e-m/fpu/crti.o
 .bss           0x0000000000000000        0x0 /Users/Manu/gcc-arm-none-eabi-5_4-2016q3/bin/../lib/gcc/arm-none-eabi/5.4.1/armv7e-m/fpu/crti.o
 .data          0x0000000000000000        0x4 /Users/Manu/gcc-arm-none-eabi-5_4-2016q3/bin/../lib/gcc/arm-none-eabi/5.4.1/armv7e-m/fpu/crtbegin.o
 .text          0x0000000000000000       0x74 /Users/Manu/gcc-arm-none-eabi-5_4-2016q3/bin/../lib/gcc/arm-none-eabi/5.4.1/../../../../arm-none-eabi/lib/armv7e-m/fpu/crt0.o
 .data          0x0000000000000000        0x0 /Users/Manu/gcc-arm-none-eabi-5_4-2016q3/bin/../lib/gcc/arm-none-eabi/5.4.1/../../../../arm-none-eabi/lib/armv7e-m/fpu/crt0.o
 .bss           0x0000000000000000        0x0 /Users/Manu/gcc-arm-none-eabi-5_4-2016q3/bin/../lib/gcc/arm-none-eabi/5.4.1/../../../../arm-none-eabi/lib/armv7e-m/fpu/crt0.o
 .ARM.extab     0x0000000000000000        0x0 /Users/Manu/gcc-arm-none-eabi-5_4-2016q3/bin/../lib/gcc/arm-none-eabi/5.4.1/../../../../arm-none-eabi/lib/armv7e-m/fpu/crt0.o
 .ARM.exidx     0x0000000000000000        0x8 /Users/Manu/gcc-arm-none-eabi-5_4-2016q3/bin/../lib/gcc/arm-none-eabi/5.4.1/../../../../arm-none-eabi/lib/armv7e-m/fpu/crt0.o
 .ARM.attributes
[...]
Memory Configuration

Name             Origin             Length             Attributes
FLASH            0x0000000008000000 0x0000000000040000 xr
RAM              0x0000000020000000 0x000000000000a000 xrw
CCMRAM           0x0000000010000000 0x0000000000002000 rw
*default*        0x0000000000000000 0xffffffffffffffff

Linker script and memory map

LOAD /Users/Manu/gcc-arm-none-eabi-5_4-2016q3/bin/../lib/gcc/arm-none-eabi/5.4.1/armv7e-m/fpu/crti.o
LOAD /Users/Manu/gcc-arm-none-eabi-5_4-2016q3/bin/../lib/gcc/arm-none-eabi/5.4.1/armv7e-m/fpu/crtbegin.o
LOAD /Users/Manu/gcc-arm-none-eabi-5_4-2016q3/bin/../lib/gcc/arm-none-eabi/5.4.1/../../../../arm-none-eabi/lib/armv7e-m/fpu/crt0.o
                0x0000000020009fff                _estack = 0x20009fff
                0x0000000000000200                _Min_Heap_Size = 0x200
                0x0000000000000400                _Min_Stack_Size = 0x400

.isr_vector     0x0000000008000000      0x188
                0x0000000008000000                . = ALIGN (0x4)
 *(.isr_vector)
 .isr_vector    0x0000000008000000      0x188 ../../arctic_awesomeness/arch/stm32/f3/src/CMSIS/startup_stm32f303xc.o
                0x0000000008000000                g_pfnVectors
                0x0000000008000188                . = ALIGN (0x4)

.text           0x0000000008000188     0x4d18
                0x0000000008000188                . = ALIGN (0x4)
 *(.text)
 .text          0x0000000008000188       0x5c /Users/Manu/gcc-arm-none-eabi-5_4-2016q3/bin/../lib/gcc/arm-none-eabi/5.4.1/armv7e-m/fpu/crtbegin.o
 .text          0x00000000080001e4      0x158 ../../arctic_awesomeness/arch/stm32/f3/src/stm32f3xx_hal.o
                0x00000000080001ec                HAL_DeInit
                0x000000000800023c                HAL_Init
                0x0000000008000260                HAL_IncTick
                0x0000000008000270                HAL_GetTick
                0x000000000800027c                HAL_Delay
                0x00000000080002b8                HAL_GetHalVersion
                0x00000000080002c0                HAL_GetREVID
                0x00000000080002cc                HAL_GetDEVID
                0x00000000080002dc                HAL_DBGMCU_EnableDBGSleepMode
                0x00000000080002ec                HAL_DBGMCU_DisableDBGSleepMode
                0x00000000080002fc                HAL_DBGMCU_EnableDBGStopMode
                0x000000000800030c                HAL_DBGMCU_DisableDBGStopMode
                0x000000000800031c                HAL_DBGMCU_EnableDBGStandbyMode
                0x000000000800032c                HAL_DBGMCU_DisableDBGStandbyMode
 .text          0x000000000800033c      0x2b0 ../../arctic_awesomeness/arch/stm32/f3/src/stm32f3xx_hal_cortex.o
                0x000000000800033c                HAL_NVIC_SetPriorityGrouping
                0x0000000008000360                HAL_NVIC_SetPriority
                0x00000000080003d0                HAL_NVIC_EnableIRQ
                0x00000000080003e8                HAL_NVIC_DisableIRQ
                0x0000000008000404                HAL_NVIC_SystemReset
                0x0000000008000428                HAL_SYSTICK_Config
                0x000000000800045c                HAL_MPU_Disable
                0x0000000008000478                HAL_MPU_Enable
                0x0000000008000494                HAL_MPU_ConfigRegion
                0x00000000080004e8                HAL_NVIC_GetPriorityGrouping
                0x00000000080004f8                HAL_NVIC_GetPriority
                0x0000000008000558                HAL_NVIC_SetPendingIRQ
                0x0000000008000574                HAL_NVIC_GetPendingIRQ
                0x0000000008000590                HAL_NVIC_ClearPendingIRQ
                0x00000000080005ac                HAL_NVIC_GetActive
                0x00000000080005c8                HAL_SYSTICK_CLKSourceConfig
                0x00000000080005e0                HAL_SYSTICK_Callback
                0x00000000080005e4                HAL_SYSTICK_IRQHandler
 .text          0x00000000080005ec      0x490 ../../arctic_awesomeness/arch/stm32/f3/src/stm32f3xx_hal_dma.o
                0x00000000080005ec                HAL_DMA_Init
                0x000000000800067c                HAL_DMA_DeInit
                0x00000000080006f0                HAL_DMA_Start
                0x0000000008000754                HAL_DMA_Start_IT
                0x00000000080007d8                HAL_DMA_Abort
                0x000000000800080c                HAL_DMA_Abort_IT
                0x0000000008000854                HAL_DMA_PollForTransfer
                0x0000000008000928                HAL_DMA_IRQHandler
                0x00000000080009c0                HAL_DMA_RegisterCallback
                0x0000000008000a14                HAL_DMA_UnRegisterCallback
                0x0000000008000a70                HAL_DMA_GetState
                0x0000000008000a78                HAL_DMA_GetError
 .text          0x0000000008000a7c      0x36c ../../arctic_awesomeness/arch/stm32/f3/src/stm32f3xx_hal_gpio.o
                0x0000000008000a7c                HAL_GPIO_Init
                0x0000000008000c54                HAL_GPIO_DeInit
                0x0000000008000d80                HAL_GPIO_ReadPin
                0x0000000008000d8c                HAL_GPIO_WritePin
                0x0000000008000d98                HAL_GPIO_TogglePin
                0x0000000008000da0                HAL_GPIO_LockPin
                0x0000000008000dd0                HAL_GPIO_EXTI_IRQHandler
 .text          0x0000000008000de8       0x10 ../../arctic_awesomeness/arch/stm32/f3/src/stm32f3xx_hal_msp.o
                0x0000000008000de8                HAL_MspInit
                0x0000000008000dec                HAL_MspDeInit
                0x0000000008000df0                HAL_PPP_MspInit
                0x0000000008000df4                HAL_PPP_MspDeInit
 .text          0x0000000008000df8      0x9e8 ../../arctic_awesomeness/arch/stm32/f3/src/stm32f3xx_hal_rcc.o
                0x0000000008000df8                HAL_RCC_DeInit
                0x0000000008000e48                HAL_RCC_OscConfig
                0x00000000080013f4                HAL_RCC_MCOConfig
                0x0000000008001440                HAL_RCC_EnableCSS
                0x000000000800145c                HAL_RCC_DisableCSS
                0x0000000008001478                HAL_RCC_GetSysClockFreq
                0x00000000080014e4                HAL_RCC_ClockConfig
                0x0000000008001670                HAL_RCC_GetHCLKFreq
                0x000000000800167c                HAL_RCC_GetPCLK1Freq
                0x00000000080016ac                HAL_RCC_GetPCLK2Freq
                0x00000000080016dc                HAL_RCC_GetOscConfig
                0x0000000008001778                HAL_RCC_GetClockConfig
                0x00000000080017bc                HAL_RCC_CSSCallback
                0x00000000080017c0                HAL_RCC_NMI_IRQHandler
 .text          0x00000000080017e0     0x2160 ../../arctic_awesomeness/arch/stm32/f3/src/stm32f3xx_hal_tim.o
                0x0000000008001894                HAL_TIM_Base_MspInit
                0x0000000008001898                HAL_TIM_Base_MspDeInit
                0x000000000800189c                HAL_TIM_Base_DeInit
                0x00000000080018d8                HAL_TIM_Base_Start
                0x00000000080018f8                HAL_TIM_Base_Stop
                0x0000000008001928                HAL_TIM_Base_Start_IT
                0x0000000008001940                HAL_TIM_Base_Stop_IT
                0x000000000800196c                HAL_TIM_Base_Start_DMA
                0x00000000080019c8                HAL_TIM_Base_Stop_DMA
                0x00000000080019f8                HAL_TIM_OC_MspInit
                0x00000000080019fc                HAL_TIM_OC_MspDeInit
                0x0000000008001a00                HAL_TIM_OC_DeInit
                0x0000000008001a3c                HAL_TIM_OC_Stop
                0x0000000008001ac8                HAL_TIM_PWM_MspDeInit
                0x0000000008001acc                HAL_TIM_PWM_DeInit
                0x0000000008001b08                HAL_TIM_PWM_Start
                0x0000000008001b68                HAL_TIM_OC_Start
                0x0000000008001b6c                HAL_TIM_PWM_Stop
                0x0000000008001bf8                HAL_TIM_PWM_Start_IT
                0x0000000008001ca0                HAL_TIM_OC_Start_IT
                0x0000000008001ca4                HAL_TIM_PWM_Stop_IT
                0x0000000008001d74                HAL_TIM_OC_Stop_IT
                0x0000000008001d78                HAL_TIM_PWM_Start_DMA
                0x0000000008001ea8                HAL_TIM_OC_Start_DMA
                0x0000000008001eac                HAL_TIM_PWM_Stop_DMA
                0x0000000008001f80                HAL_TIM_OC_Stop_DMA
                0x0000000008001f84                HAL_TIM_IC_MspInit
                0x0000000008001f88                HAL_TIM_IC_MspDeInit
                0x0000000008001f8c                HAL_TIM_IC_DeInit
                0x0000000008001fc8                HAL_TIM_IC_Start
                0x0000000008001fec                HAL_TIM_IC_Stop
                0x0000000008002020                HAL_TIM_IC_Start_IT
                0x0000000008002088                HAL_TIM_IC_Stop_IT
                0x0000000008002104                HAL_TIM_IC_Start_DMA
                0x00000000080021e8                HAL_TIM_IC_Stop_DMA
                0x0000000008002270                HAL_TIM_OnePulse_MspInit
                0x0000000008002274                HAL_TIM_OnePulse_MspDeInit
                0x0000000008002278                HAL_TIM_OnePulse_DeInit
                0x00000000080022b4                HAL_TIM_OnePulse_Start
                0x0000000008002314                HAL_TIM_OnePulse_Stop
                0x000000000800239c                HAL_TIM_OnePulse_Start_IT
                0x000000000800240c                HAL_TIM_OnePulse_Stop_IT
                0x00000000080024a4                HAL_TIM_Encoder_MspInit
                0x00000000080024a8                HAL_TIM_Encoder_MspDeInit
                0x00000000080024ac                HAL_TIM_Encoder_DeInit
                0x00000000080024e8                HAL_TIM_Encoder_Start
                0x0000000008002534                HAL_TIM_Encoder_Stop
                0x0000000008002588                HAL_TIM_Encoder_Start_IT
                0x0000000008002608                HAL_TIM_Encoder_Stop_IT
                0x0000000008002688                HAL_TIM_Encoder_Start_DMA
                0x00000000080027d0                HAL_TIM_Encoder_Stop_DMA
                0x0000000008002850                HAL_TIM_DMABurst_WriteStart
                0x0000000008002934                HAL_TIM_DMABurst_ReadStart
                0x0000000008002a18                HAL_TIM_DMABurst_ReadStop
                0x0000000008002a90                HAL_TIM_DMABurst_WriteStop
                0x0000000008002a94                HAL_TIM_GenerateEvent
                0x0000000008002b8c                HAL_TIM_ConfigClockSource
                0x0000000008002d1c                HAL_TIM_ConfigTI1Input
                0x0000000008002d2c                HAL_TIM_SlaveConfigSynchronization
                0x0000000008002d6c                HAL_TIM_SlaveConfigSynchronization_IT
                0x0000000008002dac                HAL_TIM_ReadCapturedValue
                0x0000000008002e20                HAL_TIM_OC_DelayElapsedCallback
                0x0000000008002e24                HAL_TIM_IC_CaptureCallback
                0x0000000008002e28                TIM_DMACaptureCplt
                0x0000000008002e74                HAL_TIM_PWM_PulseFinishedCallback
                0x0000000008002e78                TIM_DMADelayPulseCplt
                0x0000000008002ec4                HAL_TIM_TriggerCallback
                0x0000000008002ec8                HAL_TIM_IRQHandler
                0x000000000800302c                HAL_TIM_ErrorCallback
                0x0000000008003030                TIM_DMAError
                0x0000000008003040                HAL_TIM_Base_GetState
                0x0000000008003048                HAL_TIM_OC_GetState
                0x0000000008003050                HAL_TIM_PWM_GetState
                0x0000000008003058                HAL_TIM_IC_GetState
                0x0000000008003060                HAL_TIM_OnePulse_GetState
                0x0000000008003068                HAL_TIM_Encoder_GetState
                0x0000000008003070                TIM_Base_SetConfig
                0x0000000008003148                HAL_TIM_Base_Init
                0x0000000008003180                HAL_TIM_OC_Init
                0x00000000080031b8                HAL_TIM_PWM_Init
                0x00000000080031f0                HAL_TIM_IC_Init
                0x0000000008003228                HAL_TIM_OnePulse_Init
                0x0000000008003270                HAL_TIM_Encoder_Init
                0x000000000800331c                TIM_OC1_SetConfig
                0x000000000800339c                TIM_OC2_SetConfig
                0x0000000008003420                TIM_OC3_SetConfig
                0x00000000080034a0                TIM_OC4_SetConfig
                0x0000000008003644                TIM_TI1_SetConfig
                0x00000000080036ac                HAL_TIM_IC_ConfigChannel
                0x00000000080037e4                HAL_TIM_OnePulse_ConfigChannel
                0x0000000008003908                TIM_ETR_SetConfig
                0x0000000008003920                TIM_CCxChannelCmd
 .text          0x0000000008003940      0xc84 ../../arctic_awesomeness/arch/stm32/f3/src/stm32f3xx_hal_tim_ex.o
                0x0000000008003a20                HAL_TIMEx_HallSensor_MspInit
                0x0000000008003a24                HAL_TIMEx_HallSensor_Init
                0x0000000008003adc                HAL_TIMEx_HallSensor_MspDeInit
                0x0000000008003ae0                HAL_TIMEx_HallSensor_DeInit
                0x0000000008003b1c                HAL_TIMEx_HallSensor_Start
                0x0000000008003b38                HAL_TIMEx_HallSensor_Stop
                0x0000000008003b68                HAL_TIMEx_HallSensor_Start_IT
                0x0000000008003b8c                HAL_TIMEx_HallSensor_Stop_IT
                0x0000000008003bc4                HAL_TIMEx_HallSensor_Start_DMA
                0x0000000008003c30                HAL_TIMEx_HallSensor_Stop_DMA
                0x0000000008003c68                HAL_TIMEx_PWMN_Start
                0x0000000008003c94                HAL_TIMEx_OCN_Start
                0x0000000008003c98                HAL_TIMEx_PWMN_Start_IT
                0x0000000008003d10                HAL_TIMEx_OCN_Start_IT
                0x0000000008003d14                HAL_TIMEx_PWMN_Stop_IT
                0x0000000008003dbc                HAL_TIMEx_OCN_Stop_IT
                0x0000000008003dc0                HAL_TIMEx_PWMN_Start_DMA
                0x0000000008003ec0                HAL_TIMEx_OCN_Start_DMA
                0x0000000008003ec4                HAL_TIMEx_PWMN_Stop_DMA
                0x0000000008003f68                HAL_TIMEx_OCN_Stop_DMA
                0x0000000008003f6c                HAL_TIMEx_OnePulseN_Start
                0x0000000008003f90                HAL_TIMEx_OnePulseN_Stop
                0x0000000008003fe4                HAL_TIMEx_PWMN_Stop
                0x0000000008003fe8                HAL_TIMEx_OCN_Stop
                0x0000000008003fec                HAL_TIMEx_OnePulseN_Start_IT
                0x0000000008004020                HAL_TIMEx_OnePulseN_Stop_IT
                0x0000000008004084                HAL_TIMEx_ConfigCommutationEvent
                0x00000000080040d4                HAL_TIMEx_ConfigCommutationEvent_IT
                0x000000000800412c                HAL_TIMEx_ConfigCommutationEvent_DMA
                0x0000000008004194                HAL_TIM_OC_ConfigChannel
                0x000000000800420c                HAL_TIM_PWM_ConfigChannel
                0x0000000008004334                HAL_TIMEx_MasterConfigSynchronization
                0x0000000008004388                HAL_TIMEx_ConfigBreakDeadTime
                0x0000000008004414                HAL_TIMEx_RemapConfig
                0x0000000008004440                HAL_TIMEx_GroupChannel5
                0x0000000008004478                HAL_TIM_ConfigOCrefClear
                0x00000000080045a4                HAL_TIMEx_CommutationCallback
                0x00000000080045a8                TIMEx_DMACommutationCplt
                0x00000000080045b8                HAL_TIMEx_BreakCallback
                0x00000000080045bc                HAL_TIMEx_HallSensor_GetState
 .text          0x00000000080045c4       0xc0 ../../arctic_awesomeness/arch/stm32/f3/src/stm32f3xx_hal_timebase_tim.o
                0x00000000080045c4                HAL_InitTick
                0x000000000800464c                HAL_SuspendTick
                0x0000000008004660                HAL_ResumeTick
                0x0000000008004674                HAL_TIM_PeriodElapsedCallback
                0x0000000008004678                TIM6_DAC_IRQHandler
 .text          0x0000000008004684       0xd0 ../../arctic_awesomeness/arch/stm32/f3/src/CMSIS/system_stm32f3xx.o
                0x0000000008004684                SystemInit
                0x00000000080046f4                SystemCoreClockUpdate
 .text          0x0000000008004754       0x10 user_source/foo.o
                0x0000000008004754                foo
                0x0000000008004758                TEST_FOO
 .text          0x0000000008004764      0x1a4 user_source/hal_interface/board_led.o
                0x0000000008004764                board_led_init
                0x00000000080047a8                board_led_on
                0x0000000008004820                board_led_off
                0x0000000008004898                board_led_all_on
                0x00000000080048d0                board_led_all_off
 .text          0x0000000008004908       0x90 user_source/hal_interface/button_hal.o
                0x0000000008004908                button_init
                0x0000000008004960                button_pressed
                0x0000000008004970                EXTI0_IRQHandler
                0x0000000008004978                HAL_GPIO_EXTI_Callback
 .text          0x0000000008004998       0x68 user_source/hal_interface/cpu.o
                0x0000000008004998                cpu_init
                0x00000000080049e8                cpu_sw_delay
 .text          0x0000000008004a00       0x58 user_source/hal_interface/cube_hal_msp.o
                0x0000000008004a00                HAL_TIM_PWM_MspInit
 .text          0x0000000008004a58       0xe0 user_source/hal_interface/movement_directions.o
                0x0000000008004a58                move
 .text          0x0000000008004b38      0x14c user_source/hal_interface/pwm_hal.o
                0x0000000008004b38                set_pwm
                0x0000000008004bf4                init_pwm
 *(.text*)
 .text.__libc_init_array
                0x0000000008004c84       0x50 /Users/Manu/gcc-arm-none-eabi-5_4-2016q3/bin/../lib/gcc/arm-none-eabi/5.4.1/../../../../arm-none-eabi/lib/armv7e-m/fpu/libc.a(lib_a-init.o)
                0x0000000008004c84                __libc_init_array
 .text.startup.register_fini
                0x0000000008004cd4       0x14 /Users/Manu/gcc-arm-none-eabi-5_4-2016q3/bin/../lib/gcc/arm-none-eabi/5.4.1/../../../../arm-none-eabi/lib/armv7e-m/fpu/libc.a(lib_a-__call_atexit.o)
 .text.atexit   0x0000000008004ce8        0xc /Users/Manu/gcc-arm-none-eabi-5_4-2016q3/bin/../lib/gcc/arm-none-eabi/5.4.1/../../../../arm-none-eabi/lib/armv7e-m/fpu/libc.a(lib_a-atexit.o)
                0x0000000008004ce8                atexit
 .text.__libc_fini_array
                0x0000000008004cf4       0x28 /Users/Manu/gcc-arm-none-eabi-5_4-2016q3/bin/../lib/gcc/arm-none-eabi/5.4.1/../../../../arm-none-eabi/lib/armv7e-m/fpu/libc.a(lib_a-fini.o)
                0x0000000008004cf4                __libc_fini_array
 .text.__register_exitproc
                0x0000000008004d1c       0xa4 /Users/Manu/gcc-arm-none-eabi-5_4-2016q3/bin/../lib/gcc/arm-none-eabi/5.4.1/../../../../arm-none-eabi/lib/armv7e-m/fpu/libc.a(lib_a-__atexit.o)
                0x0000000008004d1c                __register_exitproc
 .text.Reset_Handler
                0x0000000008004dc0       0x50 ../../arctic_awesomeness/arch/stm32/f3/src/CMSIS/startup_stm32f303xc.o
                0x0000000008004dc0                Reset_Handler
 .text.Default_Handler
                0x0000000008004e10        0x2 ../../arctic_awesomeness/arch/stm32/f3/src/CMSIS/startup_stm32f303xc.o
                0x0000000008004e10                TIM1_BRK_TIM15_IRQHandler
                0x0000000008004e10                TIM8_TRG_COM_IRQHandler
                0x0000000008004e10                TIM8_CC_IRQHandler
                0x0000000008004e10                DebugMon_Handler
                0x0000000008004e10                TIM1_CC_IRQHandler
                0x0000000008004e10                HardFault_Handler
                0x0000000008004e10                USB_HP_IRQHandler
                0x0000000008004e10                SysTick_Handler
                0x0000000008004e10                PVD_IRQHandler
                0x0000000008004e10                TAMP_STAMP_IRQHandler
                0x0000000008004e10                PendSV_Handler
                0x0000000008004e10                NMI_Handler
                0x0000000008004e10                EXTI3_IRQHandler
                0x0000000008004e10                USB_HP_CAN_TX_IRQHandler
                0x0000000008004e10                I2C2_EV_IRQHandler
                0x0000000008004e10                FPU_IRQHandler
                0x0000000008004e10                TIM1_UP_TIM16_IRQHandler
                0x0000000008004e10                UsageFault_Handler
                0x0000000008004e10                ADC1_2_IRQHandler
                0x0000000008004e10                SPI1_IRQHandler
                0x0000000008004e10                CAN_SCE_IRQHandler
                0x0000000008004e10                TIM8_UP_IRQHandler
                0x0000000008004e10                DMA2_Channel2_IRQHandler
                0x0000000008004e10                DMA1_Channel4_IRQHandler
                0x0000000008004e10                USART3_IRQHandler
                0x0000000008004e10                DMA1_Channel7_IRQHandler
                0x0000000008004e10                UART5_IRQHandler
                0x0000000008004e10                ADC3_IRQHandler
                0x0000000008004e10                TIM4_IRQHandler
                0x0000000008004e10                CAN_RX1_IRQHandler
                0x0000000008004e10                DMA2_Channel1_IRQHandler
                0x0000000008004e10                I2C1_EV_IRQHandler
                0x0000000008004e10                DMA1_Channel6_IRQHandler
                0x0000000008004e10                UART4_IRQHandler
                0x0000000008004e10                DMA2_Channel4_IRQHandler
                0x0000000008004e10                TIM3_IRQHandler
                0x0000000008004e10                RCC_IRQHandler
                0x0000000008004e10                DMA1_Channel1_IRQHandler
                0x0000000008004e10                Default_Handler
                0x0000000008004e10                USBWakeUp_RMP_IRQHandler
                0x0000000008004e10                EXTI15_10_IRQHandler
                0x0000000008004e10                TIM7_IRQHandler
                0x0000000008004e10                EXTI9_5_IRQHandler
                0x0000000008004e10                RTC_WKUP_IRQHandler
                0x0000000008004e10                SPI2_IRQHandler
                0x0000000008004e10                USB_LP_CAN_RX0_IRQHandler
                0x0000000008004e10                MemManage_Handler
                0x0000000008004e10                SVC_Handler
                0x0000000008004e10                DMA2_Channel5_IRQHandler
                0x0000000008004e10                DMA1_Channel5_IRQHandler
                0x0000000008004e10                USB_LP_IRQHandler
                0x0000000008004e10                EXTI4_IRQHandler
                0x0000000008004e10                TIM1_TRG_COM_TIM17_IRQHandler
                0x0000000008004e10                DMA1_Channel3_IRQHandler
                0x0000000008004e10                ADC4_IRQHandler
                0x0000000008004e10                WWDG_IRQHandler
                0x0000000008004e10                TIM2_IRQHandler
                0x0000000008004e10                COMP7_IRQHandler
                0x0000000008004e10                COMP1_2_3_IRQHandler
                0x0000000008004e10                EXTI1_IRQHandler
                0x0000000008004e10                USART2_IRQHandler
                0x0000000008004e10                COMP4_5_6_IRQHandler
                0x0000000008004e10                I2C2_ER_IRQHandler
                0x0000000008004e10                DMA1_Channel2_IRQHandler
                0x0000000008004e10                TIM8_BRK_IRQHandler
                0x0000000008004e10                FLASH_IRQHandler
                0x0000000008004e10                BusFault_Handler
                0x0000000008004e10                USART1_IRQHandler
                0x0000000008004e10                SPI3_IRQHandler
                0x0000000008004e10                I2C1_ER_IRQHandler
                0x0000000008004e10                USBWakeUp_IRQHandler
                0x0000000008004e10                DMA2_Channel3_IRQHandler
                0x0000000008004e10                EXTI2_TSC_IRQHandler
                0x0000000008004e10                RTC_Alarm_IRQHandler
 *fill*         0x0000000008004e12        0x2 
 .text.startup  0x0000000008004e14       0x74 MAIN.o
                0x0000000008004e14                main
 *(.glue_7)
 .glue_7        0x0000000008004e88        0x0 linker stubs
 *(.glue_7t)
 .glue_7t       0x0000000008004e88        0x0 linker stubs
 *(.eh_frame)
 .eh_frame      0x0000000008004e88        0x0 /Users/Manu/gcc-arm-none-eabi-5_4-2016q3/bin/../lib/gcc/arm-none-eabi/5.4.1/armv7e-m/fpu/crtbegin.o
 *(.init)
 .init          0x0000000008004e88        0x4 /Users/Manu/gcc-arm-none-eabi-5_4-2016q3/bin/../lib/gcc/arm-none-eabi/5.4.1/armv7e-m/fpu/crti.o
                0x0000000008004e88                _init
 .init          0x0000000008004e8c        0x8 /Users/Manu/gcc-arm-none-eabi-5_4-2016q3/bin/../lib/gcc/arm-none-eabi/5.4.1/armv7e-m/fpu/crtn.o
 *(.fini)
 .fini          0x0000000008004e94        0x4 /Users/Manu/gcc-arm-none-eabi-5_4-2016q3/bin/../lib/gcc/arm-none-eabi/5.4.1/armv7e-m/fpu/crti.o
                0x0000000008004e94                _fini
 .fini          0x0000000008004e98        0x8 /Users/Manu/gcc-arm-none-eabi-5_4-2016q3/bin/../lib/gcc/arm-none-eabi/5.4.1/armv7e-m/fpu/crtn.o
                0x0000000008004ea0                . = ALIGN (0x4)
                0x0000000008004ea0                _etext = .

.vfp11_veneer   0x0000000008004ea0        0x0
 .vfp11_veneer  0x0000000008004ea0        0x0 linker stubs

.v4_bx          0x0000000008004ea0        0x0
 .v4_bx         0x0000000008004ea0        0x0 linker stubs

.iplt           0x0000000008004ea0        0x0
 .iplt          0x0000000008004ea0        0x0 /Users/Manu/gcc-arm-none-eabi-5_4-2016q3/bin/../lib/gcc/arm-none-eabi/5.4.1/armv7e-m/fpu/crtbegin.o

.rodata         0x0000000008004ea0       0x3c
                0x0000000008004ea0                . = ALIGN (0x4)
 *(.rodata)
 .rodata        0x0000000008004ea0       0x20 ../../arctic_awesomeness/arch/stm32/f3/src/stm32f3xx_hal_rcc.o
                0x0000000008004ea0                aPLLMULFactorTable
                0x0000000008004eb0                aPredivFactorTable
 .rodata        0x0000000008004ec0       0x18 ../../arctic_awesomeness/arch/stm32/f3/src/CMSIS/system_stm32f3xx.o
                0x0000000008004ec0                AHBPrescTable
                0x0000000008004ed0                APBPrescTable
 *(.rodata*)
 .rodata._global_impure_ptr
                0x0000000008004ed8        0x4 /Users/Manu/gcc-arm-none-eabi-5_4-2016q3/bin/../lib/gcc/arm-none-eabi/5.4.1/../../../../arm-none-eabi/lib/armv7e-m/fpu/libc.a(lib_a-impure.o)
                0x0000000008004ed8                _global_impure_ptr
                0x0000000008004edc                . = ALIGN (0x4)

.rel.dyn        0x0000000008004edc        0x0
 .rel.iplt      0x0000000008004edc        0x0 /Users/Manu/gcc-arm-none-eabi-5_4-2016q3/bin/../lib/gcc/arm-none-eabi/5.4.1/armv7e-m/fpu/crtbegin.o

.ARM.extab
 *(.ARM.extab* .gnu.linkonce.armextab.*)

.ARM            0x0000000008004edc        0x0
                0x0000000008004edc                __exidx_start = .
 *(.ARM.exidx*)
                0x0000000008004edc                __exidx_end = .

.preinit_array  0x0000000008004edc        0x0
                0x0000000008004edc                PROVIDE (__preinit_array_start, .)
 *(.preinit_array*)
                0x0000000008004edc                PROVIDE (__preinit_array_end, .)

.init_array     0x0000000008004edc        0x8
                0x0000000008004edc                PROVIDE (__init_array_start, .)
 *(SORT(.init_array.*))
 .init_array.00000
                0x0000000008004edc        0x4 /Users/Manu/gcc-arm-none-eabi-5_4-2016q3/bin/../lib/gcc/arm-none-eabi/5.4.1/../../../../arm-none-eabi/lib/armv7e-m/fpu/libc.a(lib_a-__call_atexit.o)
 *(.init_array*)
 .init_array    0x0000000008004ee0        0x4 /Users/Manu/gcc-arm-none-eabi-5_4-2016q3/bin/../lib/gcc/arm-none-eabi/5.4.1/armv7e-m/fpu/crtbegin.o
                0x0000000008004ee4                PROVIDE (__init_array_end, .)

.fini_array     0x0000000008004ee4        0x4
                0x0000000008004ee4                PROVIDE (__fini_array_start, .)
 *(SORT(.fini_array.*))
 *(.fini_array*)
 .fini_array    0x0000000008004ee4        0x4 /Users/Manu/gcc-arm-none-eabi-5_4-2016q3/bin/../lib/gcc/arm-none-eabi/5.4.1/armv7e-m/fpu/crtbegin.o
                0x0000000008004ee8                PROVIDE (__fini_array_end, .)
                0x0000000008004ee8                _sidata = LOADADDR (.data)

.data           0x0000000020000000      0x430 load address 0x0000000008004ee8
                0x0000000020000000                . = ALIGN (0x4)
                0x0000000020000000                _sdata = .
 *(.data)
 .data          0x0000000020000000        0x4 ../../arctic_awesomeness/arch/stm32/f3/src/CMSIS/system_stm32f3xx.o
                0x0000000020000000                SystemCoreClock
 *(.data*)
 *fill*         0x0000000020000004        0x4 
 .data.impure_data
                0x0000000020000008      0x428 /Users/Manu/gcc-arm-none-eabi-5_4-2016q3/bin/../lib/gcc/arm-none-eabi/5.4.1/../../../../arm-none-eabi/lib/armv7e-m/fpu/libc.a(lib_a-impure.o)
                0x0000000020000430                . = ALIGN (0x4)
                0x0000000020000430                _edata = .
                0x0000000008005318                _siccmram = LOADADDR (.ccmram)

.jcr            0x0000000020000430        0x0 load address 0x0000000008005318
 .jcr           0x0000000020000430        0x0 /Users/Manu/gcc-arm-none-eabi-5_4-2016q3/bin/../lib/gcc/arm-none-eabi/5.4.1/armv7e-m/fpu/crtbegin.o

.igot.plt       0x0000000020000430        0x0 load address 0x0000000008005318
 .igot.plt      0x0000000020000430        0x0 /Users/Manu/gcc-arm-none-eabi-5_4-2016q3/bin/../lib/gcc/arm-none-eabi/5.4.1/armv7e-m/fpu/crtbegin.o

.ccmram         0x0000000010000000        0x0 load address 0x0000000008005318
                0x0000000010000000                . = ALIGN (0x4)
                0x0000000010000000                _sccmram = .
 *(.ccmram)
 *(.ccmram*)
                0x0000000010000000                . = ALIGN (0x4)
                0x0000000010000000                _eccmram = .
                0x0000000010000000                . = ALIGN (0x4)

.bss            0x0000000020000430       0xe8
                0x0000000020000430                _sbss = .
                0x0000000020000430                __bss_start__ = _sbss
 *(.bss)
 .bss           0x0000000020000430       0x1c /Users/Manu/gcc-arm-none-eabi-5_4-2016q3/bin/../lib/gcc/arm-none-eabi/5.4.1/armv7e-m/fpu/crtbegin.o
 .bss           0x000000002000044c       0x14 user_source/hal_interface/board_led.o
 .bss           0x0000000020000460       0x18 user_source/hal_interface/button_hal.o
 *(.bss*)
 *(COMMON)
 COMMON         0x0000000020000478        0x4 ../../arctic_awesomeness/arch/stm32/f3/src/stm32f3xx_hal.o
                0x0000000020000478                uwTick
 COMMON         0x000000002000047c       0x40 ../../arctic_awesomeness/arch/stm32/f3/src/stm32f3xx_hal_timebase_tim.o
                0x000000002000047c                TimHandle
 COMMON         0x00000000200004bc       0x5c user_source/hal_interface/pwm_hal.o
                0x00000000200004bc                tim_init
                0x00000000200004fc                tim1_conf
                0x0000000020000518                . = ALIGN (0x4)
                0x0000000020000518                _ebss = .
                0x0000000020000518                __bss_end__ = _ebss

._user_heap_stack
                0x0000000020000518      0x600
                0x0000000020000518                . = ALIGN (0x4)
                [!provide]                        PROVIDE (end, .)
                [!provide]                        PROVIDE (_end, .)
                0x0000000020000718                . = (. + _Min_Heap_Size)
 *fill*         0x0000000020000518      0x200 
                0x0000000020000b18                . = (. + _Min_Stack_Size)
 *fill*         0x0000000020000718      0x400 
                0x0000000020000b18                . = ALIGN (0x4)

/DISCARD/
 libc.a(*)
 libm.a(*)
 libgcc.a(*)

.ARM.attributes
                0x0000000000000000       0x30
 *(.ARM.attributes)
 .ARM.attributes
                0x0000000000000000       0x22 /Users/Manu/gcc-arm-none-eabi-5_4-2016q3/bin/../lib/gcc/arm-none-eabi/5.4.1/armv7e-m/fpu/crti.o
 .ARM.attributes
                0x0000000000000022       0x34 /Users/Manu/gcc-arm-none-eabi-5_4-2016q3/bin/../lib/gcc/arm-none-eabi/5.4.1/armv7e-m/fpu/crtbegin.o
 .ARM.attributes
                0x0000000000000056       0x39 ../../arctic_awesomeness/arch/stm32/f3/src/stm32f3xx_hal.o
 .ARM.attributes
                0x000000000000008f       0x39 ../../arctic_awesomeness/arch/stm32/f3/src/stm32f3xx_hal_cortex.o
 .ARM.attributes
                0x00000000000000c8       0x39 ../../arctic_awesomeness/arch/stm32/f3/src/stm32f3xx_hal_dma.o
 .ARM.attributes
                0x0000000000000101       0x39 ../../arctic_awesomeness/arch/stm32/f3/src/stm32f3xx_hal_gpio.o
 .ARM.attributes
                0x000000000000013a       0x39 ../../arctic_awesomeness/arch/stm32/f3/src/stm32f3xx_hal_msp.o
 .ARM.attributes
                0x0000000000000173       0x39 ../../arctic_awesomeness/arch/stm32/f3/src/stm32f3xx_hal_rcc.o
 .ARM.attributes
                0x00000000000001ac       0x39 ../../arctic_awesomeness/arch/stm32/f3/src/stm32f3xx_hal_tim.o
 .ARM.attributes
                0x00000000000001e5       0x39 ../../arctic_awesomeness/arch/stm32/f3/src/stm32f3xx_hal_tim_ex.o
 .ARM.attributes
                0x000000000000021e       0x39 ../../arctic_awesomeness/arch/stm32/f3/src/stm32f3xx_hal_timebase_tim.o
 .ARM.attributes
                0x0000000000000257       0x39 ../../arctic_awesomeness/arch/stm32/f3/src/CMSIS/system_stm32f3xx.o
 .ARM.attributes
                0x0000000000000290       0x21 ../../arctic_awesomeness/arch/stm32/f3/src/CMSIS/startup_stm32f303xc.o
 .ARM.attributes
                0x00000000000002b1       0x39 MAIN.o
 .ARM.attributes
                0x00000000000002ea       0x39 user_source/foo.o
 .ARM.attributes
                0x0000000000000323       0x39 user_source/hal_interface/board_led.o
 .ARM.attributes
                0x000000000000035c       0x39 user_source/hal_interface/button_hal.o
 .ARM.attributes
                0x0000000000000395       0x39 user_source/hal_interface/cpu.o
 .ARM.attributes
                0x00000000000003ce       0x39 user_source/hal_interface/cube_hal_msp.o
 .ARM.attributes
                0x0000000000000407       0x39 user_source/hal_interface/movement_directions.o
 .ARM.attributes
                0x0000000000000440       0x39 user_source/hal_interface/pwm_hal.o
 .ARM.attributes
                0x0000000000000479       0x22 /Users/Manu/gcc-arm-none-eabi-5_4-2016q3/bin/../lib/gcc/arm-none-eabi/5.4.1/armv7e-m/fpu/crtn.o
LOAD ../../arctic_awesomeness/arch/stm32/f3/src/stm32f3xx_hal.o
LOAD ../../arctic_awesomeness/arch/stm32/f3/src/stm32f3xx_hal_adc.o
LOAD ../../arctic_awesomeness/arch/stm32/f3/src/stm32f3xx_hal_adc_ex.o
LOAD ../../arctic_awesomeness/arch/stm32/f3/src/stm32f3xx_hal_can.o
LOAD ../../arctic_awesomeness/arch/stm32/f3/src/stm32f3xx_hal_cec.o
LOAD ../../arctic_awesomeness/arch/stm32/f3/src/stm32f3xx_hal_comp.o
LOAD ../../arctic_awesomeness/arch/stm32/f3/src/stm32f3xx_hal_cortex.o
LOAD ../../arctic_awesomeness/arch/stm32/f3/src/stm32f3xx_hal_crc.o
LOAD ../../arctic_awesomeness/arch/stm32/f3/src/stm32f3xx_hal_crc_ex.o
LOAD ../../arctic_awesomeness/arch/stm32/f3/src/stm32f3xx_hal_dac.o
LOAD ../../arctic_awesomeness/arch/stm32/f3/src/stm32f3xx_hal_dac_ex.o
LOAD ../../arctic_awesomeness/arch/stm32/f3/src/stm32f3xx_hal_dma.o
LOAD ../../arctic_awesomeness/arch/stm32/f3/src/stm32f3xx_hal_flash.o
LOAD ../../arctic_awesomeness/arch/stm32/f3/src/stm32f3xx_hal_flash_ex.o
LOAD ../../arctic_awesomeness/arch/stm32/f3/src/stm32f3xx_hal_gpio.o
LOAD ../../arctic_awesomeness/arch/stm32/f3/src/stm32f3xx_hal_hrtim.o
LOAD ../../arctic_awesomeness/arch/stm32/f3/src/stm32f3xx_hal_i2c.o
LOAD ../../arctic_awesomeness/arch/stm32/f3/src/stm32f3xx_hal_i2c_ex.o
LOAD ../../arctic_awesomeness/arch/stm32/f3/src/stm32f3xx_hal_i2s.o
LOAD ../../arctic_awesomeness/arch/stm32/f3/src/stm32f3xx_hal_i2s_ex.o
LOAD ../../arctic_awesomeness/arch/stm32/f3/src/stm32f3xx_hal_irda.o
LOAD ../../arctic_awesomeness/arch/stm32/f3/src/stm32f3xx_hal_iwdg.o
LOAD ../../arctic_awesomeness/arch/stm32/f3/src/stm32f3xx_hal_msp.o
LOAD ../../arctic_awesomeness/arch/stm32/f3/src/stm32f3xx_hal_nand.o
LOAD ../../arctic_awesomeness/arch/stm32/f3/src/stm32f3xx_hal_nor.o
LOAD ../../arctic_awesomeness/arch/stm32/f3/src/stm32f3xx_hal_opamp.o
LOAD ../../arctic_awesomeness/arch/stm32/f3/src/stm32f3xx_hal_opamp_ex.o
LOAD ../../arctic_awesomeness/arch/stm32/f3/src/stm32f3xx_hal_pccard.o
LOAD ../../arctic_awesomeness/arch/stm32/f3/src/stm32f3xx_hal_pcd.o
LOAD ../../arctic_awesomeness/arch/stm32/f3/src/stm32f3xx_hal_pcd_ex.o
LOAD ../../arctic_awesomeness/arch/stm32/f3/src/stm32f3xx_hal_pwr.o
LOAD ../../arctic_awesomeness/arch/stm32/f3/src/stm32f3xx_hal_pwr_ex.o
LOAD ../../arctic_awesomeness/arch/stm32/f3/src/stm32f3xx_hal_rcc.o
LOAD ../../arctic_awesomeness/arch/stm32/f3/src/stm32f3xx_hal_rcc_ex.o
LOAD ../../arctic_awesomeness/arch/stm32/f3/src/stm32f3xx_hal_rtc.o
LOAD ../../arctic_awesomeness/arch/stm32/f3/src/stm32f3xx_hal_rtc_ex.o
LOAD ../../arctic_awesomeness/arch/stm32/f3/src/stm32f3xx_hal_sdadc.o
LOAD ../../arctic_awesomeness/arch/stm32/f3/src/stm32f3xx_hal_smartcard.o
LOAD ../../arctic_awesomeness/arch/stm32/f3/src/stm32f3xx_hal_smartcard_ex.o
LOAD ../../arctic_awesomeness/arch/stm32/f3/src/stm32f3xx_hal_smbus.o
LOAD ../../arctic_awesomeness/arch/stm32/f3/src/stm32f3xx_hal_spi.o
LOAD ../../arctic_awesomeness/arch/stm32/f3/src/stm32f3xx_hal_spi_ex.o
LOAD ../../arctic_awesomeness/arch/stm32/f3/src/stm32f3xx_hal_sram.o
LOAD ../../arctic_awesomeness/arch/stm32/f3/src/stm32f3xx_hal_tim.o
LOAD ../../arctic_awesomeness/arch/stm32/f3/src/stm32f3xx_hal_tim_ex.o
LOAD ../../arctic_awesomeness/arch/stm32/f3/src/stm32f3xx_hal_timebase_tim.o
LOAD ../../arctic_awesomeness/arch/stm32/f3/src/stm32f3xx_hal_tsc.o
LOAD ../../arctic_awesomeness/arch/stm32/f3/src/stm32f3xx_hal_uart.o
LOAD ../../arctic_awesomeness/arch/stm32/f3/src/stm32f3xx_hal_uart_ex.o
LOAD ../../arctic_awesomeness/arch/stm32/f3/src/stm32f3xx_hal_usart.o
LOAD ../../arctic_awesomeness/arch/stm32/f3/src/stm32f3xx_hal_wwdg.o
LOAD ../../arctic_awesomeness/arch/stm32/f3/src/stm32f3xx_ll_adc.o
LOAD ../../arctic_awesomeness/arch/stm32/f3/src/stm32f3xx_ll_comp.o
LOAD ../../arctic_awesomeness/arch/stm32/f3/src/stm32f3xx_ll_crc.o
LOAD ../../arctic_awesomeness/arch/stm32/f3/src/stm32f3xx_ll_dac.o
LOAD ../../arctic_awesomeness/arch/stm32/f3/src/stm32f3xx_ll_dma.o
LOAD ../../arctic_awesomeness/arch/stm32/f3/src/stm32f3xx_ll_exti.o
LOAD ../../arctic_awesomeness/arch/stm32/f3/src/stm32f3xx_ll_fmc.o
LOAD ../../arctic_awesomeness/arch/stm32/f3/src/stm32f3xx_ll_gpio.o
LOAD ../../arctic_awesomeness/arch/stm32/f3/src/stm32f3xx_ll_hrtim.o
LOAD ../../arctic_awesomeness/arch/stm32/f3/src/stm32f3xx_ll_i2c.o
LOAD ../../arctic_awesomeness/arch/stm32/f3/src/stm32f3xx_ll_opamp.o
LOAD ../../arctic_awesomeness/arch/stm32/f3/src/stm32f3xx_ll_pwr.o
LOAD ../../arctic_awesomeness/arch/stm32/f3/src/stm32f3xx_ll_rcc.o
LOAD ../../arctic_awesomeness/arch/stm32/f3/src/stm32f3xx_ll_rtc.o
LOAD ../../arctic_awesomeness/arch/stm32/f3/src/stm32f3xx_ll_spi.o
LOAD ../../arctic_awesomeness/arch/stm32/f3/src/stm32f3xx_ll_tim.o
LOAD ../../arctic_awesomeness/arch/stm32/f3/src/stm32f3xx_ll_usart.o
LOAD ../../arctic_awesomeness/arch/stm32/f3/src/stm32f3xx_ll_utils.o
LOAD ../../arctic_awesomeness/arch/stm32/f3/src/CMSIS/system_stm32f3xx.o
LOAD ../../arctic_awesomeness/arch/stm32/f3/src/CMSIS/startup_stm32f303xc.o
LOAD MAIN.o
LOAD user_source/foo.o
LOAD user_source/hal_interface/board_led.o
LOAD user_source/hal_interface/button_hal.o
LOAD user_source/hal_interface/cpu.o
LOAD user_source/hal_interface/cube_hal_msp.o
LOAD user_source/hal_interface/movement_directions.o
LOAD user_source/hal_interface/pwm_hal.o
LOAD /Users/Manu/gcc-arm-none-eabi-5_4-2016q3/bin/../lib/gcc/arm-none-eabi/5.4.1/../../../../arm-none-eabi/lib/armv7e-m/fpu/libm.a
LOAD /Users/Manu/gcc-arm-none-eabi-5_4-2016q3/bin/../lib/gcc/arm-none-eabi/5.4.1/../../../../arm-none-eabi/lib/armv7e-m/fpu/libc.a
START GROUP
LOAD /Users/Manu/gcc-arm-none-eabi-5_4-2016q3/bin/../lib/gcc/arm-none-eabi/5.4.1/armv7e-m/fpu/libgcc.a
LOAD /Users/Manu/gcc-arm-none-eabi-5_4-2016q3/bin/../lib/gcc/arm-none-eabi/5.4.1/../../../../arm-none-eabi/lib/armv7e-m/fpu/libc.a
END GROUP
START GROUP
LOAD /Users/Manu/gcc-arm-none-eabi-5_4-2016q3/bin/../lib/gcc/arm-none-eabi/5.4.1/armv7e-m/fpu/libgcc.a
LOAD /Users/Manu/gcc-arm-none-eabi-5_4-2016q3/bin/../lib/gcc/arm-none-eabi/5.4.1/../../../../arm-none-eabi/lib/armv7e-m/fpu/libc.a
LOAD /Users/Manu/gcc-arm-none-eabi-5_4-2016q3/bin/../lib/gcc/arm-none-eabi/5.4.1/../../../../arm-none-eabi/lib/armv7e-m/fpu/libnosys.a
END GROUP
LOAD /Users/Manu/gcc-arm-none-eabi-5_4-2016q3/bin/../lib/gcc/arm-none-eabi/5.4.1/armv7e-m/fpu/crtend.o
LOAD /Users/Manu/gcc-arm-none-eabi-5_4-2016q3/bin/../lib/gcc/arm-none-eabi/5.4.1/armv7e-m/fpu/crtn.o
OUTPUT(MAIN.elf elf32-littlearm)

.debug_info     0x0000000000000000     0xb48a
 .debug_info    0x0000000000000000      0x6ed ../../arctic_awesomeness/arch/stm32/f3/src/stm32f3xx_hal.o
 .debug_info    0x00000000000006ed      0xe6d ../../arctic_awesomeness/arch/stm32/f3/src/stm32f3xx_hal_cortex.o
 .debug_info    0x000000000000155a      0x7d5 ../../arctic_awesomeness/arch/stm32/f3/src/stm32f3xx_hal_dma.o
 .debug_info    0x0000000000001d2f      0x673 ../../arctic_awesomeness/arch/stm32/f3/src/stm32f3xx_hal_gpio.o
 .debug_info    0x00000000000023a2       0xbf ../../arctic_awesomeness/arch/stm32/f3/src/stm32f3xx_hal_msp.o
 .debug_info    0x0000000000002461     0x1341 ../../arctic_awesomeness/arch/stm32/f3/src/stm32f3xx_hal_rcc.o
 .debug_info    0x00000000000037a2     0x3163 ../../arctic_awesomeness/arch/stm32/f3/src/stm32f3xx_hal_tim.o
 .debug_info    0x0000000000006905     0x14d4 ../../arctic_awesomeness/arch/stm32/f3/src/stm32f3xx_hal_tim_ex.o
 .debug_info    0x0000000000007dd9      0xa75 ../../arctic_awesomeness/arch/stm32/f3/src/stm32f3xx_hal_timebase_tim.o
 .debug_info    0x000000000000884e      0x3f2 ../../arctic_awesomeness/arch/stm32/f3/src/CMSIS/system_stm32f3xx.o
 .debug_info    0x0000000000008c40       0xad ../../arctic_awesomeness/arch/stm32/f3/src/CMSIS/startup_stm32f303xc.o
 .debug_info    0x0000000000008ced      0x27a MAIN.o
 .debug_info    0x0000000000008f67       0x96 user_source/foo.o
 .debug_info    0x0000000000008ffd      0x72e user_source/hal_interface/board_led.o
 .debug_info    0x000000000000972b      0x633 user_source/hal_interface/button_hal.o
 .debug_info    0x0000000000009d5e      0x2f9 user_source/hal_interface/cpu.o
 .debug_info    0x000000000000a057      0x7d8 user_source/hal_interface/cube_hal_msp.o
 .debug_info    0x000000000000a82f      0x3b0 user_source/hal_interface/movement_directions.o
 .debug_info    0x000000000000abdf      0x8ab user_source/hal_interface/pwm_hal.o

.debug_abbrev   0x0000000000000000     0x1fa6
 .debug_abbrev  0x0000000000000000      0x1d0 ../../arctic_awesomeness/arch/stm32/f3/src/stm32f3xx_hal.o
 .debug_abbrev  0x00000000000001d0      0x304 ../../arctic_awesomeness/arch/stm32/f3/src/stm32f3xx_hal_cortex.o
 .debug_abbrev  0x00000000000004d4      0x219 ../../arctic_awesomeness/arch/stm32/f3/src/stm32f3xx_hal_dma.o
 .debug_abbrev  0x00000000000006ed      0x1d7 ../../arctic_awesomeness/arch/stm32/f3/src/stm32f3xx_hal_gpio.o
 .debug_abbrev  0x00000000000008c4       0x70 ../../arctic_awesomeness/arch/stm32/f3/src/stm32f3xx_hal_msp.o
 .debug_abbrev  0x0000000000000934      0x2cc ../../arctic_awesomeness/arch/stm32/f3/src/stm32f3xx_hal_rcc.o
 .debug_abbrev  0x0000000000000c00      0x333 ../../arctic_awesomeness/arch/stm32/f3/src/stm32f3xx_hal_tim.o
 .debug_abbrev  0x0000000000000f33      0x2b6 ../../arctic_awesomeness/arch/stm32/f3/src/stm32f3xx_hal_tim_ex.o
 .debug_abbrev  0x00000000000011e9      0x205 ../../arctic_awesomeness/arch/stm32/f3/src/stm32f3xx_hal_timebase_tim.o
 .debug_abbrev  0x00000000000013ee      0x101 ../../arctic_awesomeness/arch/stm32/f3/src/CMSIS/system_stm32f3xx.o
 .debug_abbrev  0x00000000000014ef       0x12 ../../arctic_awesomeness/arch/stm32/f3/src/CMSIS/startup_stm32f303xc.o
 .debug_abbrev  0x0000000000001501       0xe9 MAIN.o
 .debug_abbrev  0x00000000000015ea       0x94 user_source/foo.o
 .debug_abbrev  0x000000000000167e      0x195 user_source/hal_interface/board_led.o
 .debug_abbrev  0x0000000000001813      0x1e7 user_source/hal_interface/button_hal.o
 .debug_abbrev  0x00000000000019fa      0x16a user_source/hal_interface/cpu.o
 .debug_abbrev  0x0000000000001b64      0x183 user_source/hal_interface/cube_hal_msp.o
 .debug_abbrev  0x0000000000001ce7      0x10b user_source/hal_interface/movement_directions.o
 .debug_abbrev  0x0000000000001df2      0x1b4 user_source/hal_interface/pwm_hal.o

.debug_loc      0x0000000000000000     0x795b
 .debug_loc     0x0000000000000000       0x4b ../../arctic_awesomeness/arch/stm32/f3/src/stm32f3xx_hal.o
 .debug_loc     0x000000000000004b      0x658 ../../arctic_awesomeness/arch/stm32/f3/src/stm32f3xx_hal_cortex.o
 .debug_loc     0x00000000000006a3      0x6f1 ../../arctic_awesomeness/arch/stm32/f3/src/stm32f3xx_hal_dma.o
 .debug_loc     0x0000000000000d94      0x3cc ../../arctic_awesomeness/arch/stm32/f3/src/stm32f3xx_hal_gpio.o
 .debug_loc     0x0000000000001160      0x905 ../../arctic_awesomeness/arch/stm32/f3/src/stm32f3xx_hal_rcc.o
 .debug_loc     0x0000000000001a65     0x4284 ../../arctic_awesomeness/arch/stm32/f3/src/stm32f3xx_hal_tim.o
 .debug_loc     0x0000000000005ce9     0x1642 ../../arctic_awesomeness/arch/stm32/f3/src/stm32f3xx_hal_tim_ex.o
 .debug_loc     0x000000000000732b       0xd1 ../../arctic_awesomeness/arch/stm32/f3/src/stm32f3xx_hal_timebase_tim.o
 .debug_loc     0x00000000000073fc      0x11a ../../arctic_awesomeness/arch/stm32/f3/src/CMSIS/system_stm32f3xx.o
 .debug_loc     0x0000000000007516       0x4e user_source/foo.o
 .debug_loc     0x0000000000007564      0x1b6 user_source/hal_interface/board_led.o
 .debug_loc     0x000000000000771a       0x42 user_source/hal_interface/button_hal.o
 .debug_loc     0x000000000000775c       0x6c user_source/hal_interface/cpu.o
 .debug_loc     0x00000000000077c8       0x21 user_source/hal_interface/cube_hal_msp.o
 .debug_loc     0x00000000000077e9       0x77 user_source/hal_interface/movement_directions.o
 .debug_loc     0x0000000000007860       0xfb user_source/hal_interface/pwm_hal.o

.debug_aranges  0x0000000000000000      0x268
 .debug_aranges
                0x0000000000000000       0x20 ../../arctic_awesomeness/arch/stm32/f3/src/stm32f3xx_hal.o
 .debug_aranges
                0x0000000000000020       0x20 ../../arctic_awesomeness/arch/stm32/f3/src/stm32f3xx_hal_cortex.o
 .debug_aranges
                0x0000000000000040       0x20 ../../arctic_awesomeness/arch/stm32/f3/src/stm32f3xx_hal_dma.o
 .debug_aranges
                0x0000000000000060       0x20 ../../arctic_awesomeness/arch/stm32/f3/src/stm32f3xx_hal_gpio.o
 .debug_aranges
                0x0000000000000080       0x20 ../../arctic_awesomeness/arch/stm32/f3/src/stm32f3xx_hal_msp.o
 .debug_aranges
                0x00000000000000a0       0x20 ../../arctic_awesomeness/arch/stm32/f3/src/stm32f3xx_hal_rcc.o
 .debug_aranges
                0x00000000000000c0       0x20 ../../arctic_awesomeness/arch/stm32/f3/src/stm32f3xx_hal_tim.o
 .debug_aranges
                0x00000000000000e0       0x20 ../../arctic_awesomeness/arch/stm32/f3/src/stm32f3xx_hal_tim_ex.o
 .debug_aranges
                0x0000000000000100       0x20 ../../arctic_awesomeness/arch/stm32/f3/src/stm32f3xx_hal_timebase_tim.o
 .debug_aranges
                0x0000000000000120       0x20 ../../arctic_awesomeness/arch/stm32/f3/src/CMSIS/system_stm32f3xx.o
 .debug_aranges
                0x0000000000000140       0x28 ../../arctic_awesomeness/arch/stm32/f3/src/CMSIS/startup_stm32f303xc.o
 .debug_aranges
                0x0000000000000168       0x20 MAIN.o
 .debug_aranges
                0x0000000000000188       0x20 user_source/foo.o
 .debug_aranges
                0x00000000000001a8       0x20 user_source/hal_interface/board_led.o
 .debug_aranges
                0x00000000000001c8       0x20 user_source/hal_interface/button_hal.o
 .debug_aranges
                0x00000000000001e8       0x20 user_source/hal_interface/cpu.o
 .debug_aranges
                0x0000000000000208       0x20 user_source/hal_interface/cube_hal_msp.o
 .debug_aranges
                0x0000000000000228       0x20 user_source/hal_interface/movement_directions.o
 .debug_aranges
                0x0000000000000248       0x20 user_source/hal_interface/pwm_hal.o

.debug_line     0x0000000000000000     0x42b0
 .debug_line    0x0000000000000000      0x22e ../../arctic_awesomeness/arch/stm32/f3/src/stm32f3xx_hal.o
 .debug_line    0x000000000000022e      0x340 ../../arctic_awesomeness/arch/stm32/f3/src/stm32f3xx_hal_cortex.o
 .debug_line    0x000000000000056e      0x4bd ../../arctic_awesomeness/arch/stm32/f3/src/stm32f3xx_hal_dma.o
 .debug_line    0x0000000000000a2b      0x32f ../../arctic_awesomeness/arch/stm32/f3/src/stm32f3xx_hal_gpio.o
 .debug_line    0x0000000000000d5a      0x159 ../../arctic_awesomeness/arch/stm32/f3/src/stm32f3xx_hal_msp.o
 .debug_line    0x0000000000000eb3      0x763 ../../arctic_awesomeness/arch/stm32/f3/src/stm32f3xx_hal_rcc.o
 .debug_line    0x0000000000001616     0x11ee ../../arctic_awesomeness/arch/stm32/f3/src/stm32f3xx_hal_tim.o
 .debug_line    0x0000000000002804      0x7ea ../../arctic_awesomeness/arch/stm32/f3/src/stm32f3xx_hal_tim_ex.o
 .debug_line    0x0000000000002fee      0x262 ../../arctic_awesomeness/arch/stm32/f3/src/stm32f3xx_hal_timebase_tim.o
 .debug_line    0x0000000000003250      0x1a4 ../../arctic_awesomeness/arch/stm32/f3/src/CMSIS/system_stm32f3xx.o
 .debug_line    0x00000000000033f4       0xa5 ../../arctic_awesomeness/arch/stm32/f3/src/CMSIS/startup_stm32f303xc.o
 .debug_line    0x0000000000003499      0x1c9 MAIN.o
 .debug_line    0x0000000000003662       0x44 user_source/foo.o
 .debug_line    0x00000000000036a6      0x209 user_source/hal_interface/board_led.o
 .debug_line    0x00000000000038af      0x213 user_source/hal_interface/button_hal.o
 .debug_line    0x0000000000003ac2      0x1db user_source/hal_interface/cpu.o
 .debug_line    0x0000000000003c9d      0x1f4 user_source/hal_interface/cube_hal_msp.o
 .debug_line    0x0000000000003e91      0x1c7 user_source/hal_interface/movement_directions.o
 .debug_line    0x0000000000004058      0x258 user_source/hal_interface/pwm_hal.o

.debug_str      0x0000000000000000     0x2bd3
 .debug_str     0x0000000000000000      0x895 ../../arctic_awesomeness/arch/stm32/f3/src/stm32f3xx_hal.o
                                        0x8ea (size before relaxing)
 .debug_str     0x0000000000000895      0x406 ../../arctic_awesomeness/arch/stm32/f3/src/stm32f3xx_hal_cortex.o
                                        0xb77 (size before relaxing)
 .debug_str     0x0000000000000c9b      0x417 ../../arctic_awesomeness/arch/stm32/f3/src/stm32f3xx_hal_dma.o
                                        0x657 (size before relaxing)
 .debug_str     0x00000000000010b2      0x1f5 ../../arctic_awesomeness/arch/stm32/f3/src/stm32f3xx_hal_gpio.o
                                        0x470 (size before relaxing)
 .debug_str     0x00000000000012a7       0x51 ../../arctic_awesomeness/arch/stm32/f3/src/stm32f3xx_hal_msp.o
                                        0x1f7 (size before relaxing)
 .debug_str     0x00000000000012f8      0x33f ../../arctic_awesomeness/arch/stm32/f3/src/stm32f3xx_hal_rcc.o
                                        0x68d (size before relaxing)
 .debug_str     0x0000000000001637      0xca2 ../../arctic_awesomeness/arch/stm32/f3/src/stm32f3xx_hal_tim.o
                                       0x10ff (size before relaxing)
 .debug_str     0x00000000000022d9      0x4d7 ../../arctic_awesomeness/arch/stm32/f3/src/stm32f3xx_hal_tim_ex.o
                                        0xd1d (size before relaxing)
 .debug_str     0x00000000000027b0       0xba ../../arctic_awesomeness/arch/stm32/f3/src/stm32f3xx_hal_timebase_tim.o
                                        0xc33 (size before relaxing)
 .debug_str     0x000000000000286a       0x84 ../../arctic_awesomeness/arch/stm32/f3/src/CMSIS/system_stm32f3xx.o
                                        0x31c (size before relaxing)
 .debug_str     0x00000000000028ee       0xa4 MAIN.o
                                        0x251 (size before relaxing)
 .debug_str     0x0000000000002992       0x2d user_source/foo.o
                                        0x11f (size before relaxing)
 .debug_str     0x00000000000029bf       0x81 user_source/hal_interface/board_led.o
                                        0x374 (size before relaxing)
 .debug_str     0x0000000000002a40       0x64 user_source/hal_interface/button_hal.o
                                        0x7ee (size before relaxing)
 .debug_str     0x0000000000002aa4       0x4e user_source/hal_interface/cpu.o
                                        0x376 (size before relaxing)
 .debug_str     0x0000000000002af2       0x46 user_source/hal_interface/cube_hal_msp.o
                                        0x6b8 (size before relaxing)
 .debug_str     0x0000000000002b38       0x46 user_source/hal_interface/movement_directions.o
                                        0x258 (size before relaxing)
 .debug_str     0x0000000000002b7e       0x55 user_source/hal_interface/pwm_hal.o
                                        0x6cc (size before relaxing)

.comment        0x0000000000000000       0x6e
 .comment       0x0000000000000000       0x6e ../../arctic_awesomeness/arch/stm32/f3/src/stm32f3xx_hal.o
                                         0x6f (size before relaxing)
 .comment       0x000000000000006e       0x6f ../../arctic_awesomeness/arch/stm32/f3/src/stm32f3xx_hal_cortex.o
 .comment       0x000000000000006e       0x6f ../../arctic_awesomeness/arch/stm32/f3/src/stm32f3xx_hal_dma.o
 .comment       0x000000000000006e       0x6f ../../arctic_awesomeness/arch/stm32/f3/src/stm32f3xx_hal_gpio.o
 .comment       0x000000000000006e       0x6f ../../arctic_awesomeness/arch/stm32/f3/src/stm32f3xx_hal_msp.o
 .comment       0x000000000000006e       0x6f ../../arctic_awesomeness/arch/stm32/f3/src/stm32f3xx_hal_rcc.o
 .comment       0x000000000000006e       0x6f ../../arctic_awesomeness/arch/stm32/f3/src/stm32f3xx_hal_tim.o
 .comment       0x000000000000006e       0x6f ../../arctic_awesomeness/arch/stm32/f3/src/stm32f3xx_hal_tim_ex.o
 .comment       0x000000000000006e       0x6f ../../arctic_awesomeness/arch/stm32/f3/src/stm32f3xx_hal_timebase_tim.o
 .comment       0x000000000000006e       0x6f ../../arctic_awesomeness/arch/stm32/f3/src/CMSIS/system_stm32f3xx.o
 .comment       0x000000000000006e       0x6f MAIN.o
 .comment       0x000000000000006e       0x6f user_source/foo.o
 .comment       0x000000000000006e       0x6f user_source/hal_interface/board_led.o
 .comment       0x000000000000006e       0x6f user_source/hal_interface/button_hal.o
 .comment       0x000000000000006e       0x6f user_source/hal_interface/cpu.o
 .comment       0x000000000000006e       0x6f user_source/hal_interface/cube_hal_msp.o
 .comment       0x000000000000006e       0x6f user_source/hal_interface/movement_directions.o
 .comment       0x000000000000006e       0x6f user_source/hal_interface/pwm_hal.o

.debug_frame    0x0000000000000000     0x17c4
 .debug_frame   0x0000000000000000      0x168 ../../arctic_awesomeness/arch/stm32/f3/src/stm32f3xx_hal.o
 .debug_frame   0x0000000000000168      0x188 ../../arctic_awesomeness/arch/stm32/f3/src/stm32f3xx_hal_cortex.o
 .debug_frame   0x00000000000002f0      0x18c ../../arctic_awesomeness/arch/stm32/f3/src/stm32f3xx_hal_dma.o
 .debug_frame   0x000000000000047c       0xf8 ../../arctic_awesomeness/arch/stm32/f3/src/stm32f3xx_hal_gpio.o
 .debug_frame   0x0000000000000574       0x50 ../../arctic_awesomeness/arch/stm32/f3/src/stm32f3xx_hal_msp.o
 .debug_frame   0x00000000000005c4      0x168 ../../arctic_awesomeness/arch/stm32/f3/src/stm32f3xx_hal_rcc.o
 .debug_frame   0x000000000000072c      0x964 ../../arctic_awesomeness/arch/stm32/f3/src/stm32f3xx_hal_tim.o
 .debug_frame   0x0000000000001090      0x410 ../../arctic_awesomeness/arch/stm32/f3/src/stm32f3xx_hal_tim_ex.o
 .debug_frame   0x00000000000014a0       0x74 ../../arctic_awesomeness/arch/stm32/f3/src/stm32f3xx_hal_timebase_tim.o
 .debug_frame   0x0000000000001514       0x3c ../../arctic_awesomeness/arch/stm32/f3/src/CMSIS/system_stm32f3xx.o
 .debug_frame   0x0000000000001550       0x28 MAIN.o
 .debug_frame   0x0000000000001578       0x30 user_source/foo.o
 .debug_frame   0x00000000000015a8       0x8c user_source/hal_interface/board_led.o
 .debug_frame   0x0000000000001634       0x68 user_source/hal_interface/button_hal.o
 .debug_frame   0x000000000000169c       0x40 user_source/hal_interface/cpu.o
 .debug_frame   0x00000000000016dc       0x30 user_source/hal_interface/cube_hal_msp.o
 .debug_frame   0x000000000000170c       0x3c user_source/hal_interface/movement_directions.o
 .debug_frame   0x0000000000001748       0x7c user_source/hal_interface/pwm_hal.o

.debug_ranges   0x0000000000000000      0x708
 .debug_ranges  0x0000000000000000       0xe0 ../../arctic_awesomeness/arch/stm32/f3/src/stm32f3xx_hal_cortex.o
 .debug_ranges  0x00000000000000e0       0xb0 ../../arctic_awesomeness/arch/stm32/f3/src/stm32f3xx_hal_dma.o
 .debug_ranges  0x0000000000000190       0x18 ../../arctic_awesomeness/arch/stm32/f3/src/stm32f3xx_hal_gpio.o
 .debug_ranges  0x00000000000001a8      0x1f0 ../../arctic_awesomeness/arch/stm32/f3/src/stm32f3xx_hal_rcc.o
 .debug_ranges  0x0000000000000398      0x230 ../../arctic_awesomeness/arch/stm32/f3/src/stm32f3xx_hal_tim.o
 .debug_ranges  0x00000000000005c8       0x18 ../../arctic_awesomeness/arch/stm32/f3/src/stm32f3xx_hal_timebase_tim.o
 .debug_ranges  0x00000000000005e0       0x20 ../../arctic_awesomeness/arch/stm32/f3/src/CMSIS/startup_stm32f303xc.o
 .debug_ranges  0x0000000000000600       0x10 MAIN.o
 .debug_ranges  0x0000000000000610       0x30 user_source/hal_interface/board_led.o
 .debug_ranges  0x0000000000000640       0x50 user_source/hal_interface/button_hal.o
 .debug_ranges  0x0000000000000690       0x50 user_source/hal_interface/cube_hal_msp.o
 .debug_ranges  0x00000000000006e0       0x28 user_source/hal_interface/movement_directions.o
